../Core/Src/main.c:127:5:main	32	static
../Core/Src/main.c:243:6:SystemClock_Config	88	static
../Core/Src/main.c:290:13:MX_ADC1_Init	56	static
../Core/Src/main.c:367:13:MX_LPUART1_UART_Init	8	static
../Core/Src/main.c:414:13:MX_TIM1_Init	56	static
../Core/Src/main.c:465:13:MX_TIM2_Init	40	static
../Core/Src/main.c:510:13:MX_TIM3_Init	40	static
../Core/Src/main.c:555:13:MX_TIM4_Init	64	static
../Core/Src/main.c:614:13:MX_TIM5_Init	40	static
../Core/Src/main.c:659:13:MX_TIM8_Init	120	static
../Core/Src/main.c:744:13:MX_DMA_Init	16	static
../Core/Src/main.c:769:13:MX_GPIO_Init	48	static
../Core/Src/main.c:817:6:HAL_GPIO_EXTI_Callback	16	static
../Core/Src/main.c:828:6:PWM_Mode1	16	static
../Core/Src/main.c:842:6:PWM_Mode2	16	static
../Core/Src/main.c:855:6:Read_setpoint_positionM1_Mode1	8	static
../Core/Src/main.c:869:6:Read_setpoint_positionM2_Mode2	8	static
../Core/Src/main.c:886:6:HAL_TIM_PeriodElapsedCallback	32	static
../Core/Src/main.c:919:6:UARTDMAConfig	8	static
../Core/Src/main.c:925:6:HAL_UART_RxCpltCallback	16	static
../Core/Src/main.c:939:6:Error_Handler	4	static,ignoring_inline_asm
