../Core/Src/main.c:129:5:main	40	static
../Core/Src/main.c:248:6:SystemClock_Config	88	static
../Core/Src/main.c:295:13:MX_ADC1_Init	56	static
../Core/Src/main.c:372:13:MX_LPUART1_UART_Init	8	static
../Core/Src/main.c:419:13:MX_TIM1_Init	56	static
../Core/Src/main.c:470:13:MX_TIM2_Init	40	static
../Core/Src/main.c:515:13:MX_TIM3_Init	40	static
../Core/Src/main.c:560:13:MX_TIM4_Init	64	static
../Core/Src/main.c:619:13:MX_TIM5_Init	40	static
../Core/Src/main.c:664:13:MX_TIM8_Init	120	static
../Core/Src/main.c:749:13:MX_DMA_Init	16	static
../Core/Src/main.c:774:13:MX_GPIO_Init	48	static
../Core/Src/main.c:832:6:HAL_GPIO_EXTI_Callback	16	static
../Core/Src/main.c:843:6:PWM_Mode1	16	static
../Core/Src/main.c:857:6:PWM_Mode2	16	static
../Core/Src/main.c:870:6:Read_setpoint_positionM1_Mode1	8	static
../Core/Src/main.c:884:6:Read_setpoint_positionM2_Mode2	8	static
../Core/Src/main.c:901:6:HAL_TIM_PeriodElapsedCallback	24	static
../Core/Src/main.c:935:6:UARTDMAConfig	8	static
../Core/Src/main.c:941:6:HAL_UART_RxCpltCallback	16	static
../Core/Src/main.c:961:6:Error_Handler	4	static,ignoring_inline_asm
