../Core/Src/main.c:117:5:main	32	static
../Core/Src/main.c:223:6:SystemClock_Config	88	static
../Core/Src/main.c:270:13:MX_ADC1_Init	56	static
../Core/Src/main.c:347:13:MX_LPUART1_UART_Init	8	static
../Core/Src/main.c:394:13:MX_TIM1_Init	56	static
../Core/Src/main.c:445:13:MX_TIM2_Init	40	static
../Core/Src/main.c:490:13:MX_TIM3_Init	40	static
../Core/Src/main.c:535:13:MX_TIM4_Init	64	static
../Core/Src/main.c:594:13:MX_TIM5_Init	40	static
../Core/Src/main.c:639:13:MX_TIM8_Init	120	static
../Core/Src/main.c:724:13:MX_DMA_Init	16	static
../Core/Src/main.c:749:13:MX_GPIO_Init	48	static
../Core/Src/main.c:787:6:HAL_GPIO_EXTI_Callback	16	static
../Core/Src/main.c:798:6:PWM_Mode1	16	static
../Core/Src/main.c:812:6:PWM_Mode2	16	static
../Core/Src/main.c:825:6:Read_setpoint_positionM1_Mode1	8	static
../Core/Src/main.c:839:6:HAL_TIM_PeriodElapsedCallback	32	static
../Core/Src/main.c:878:6:UARTDMAConfig	8	static
../Core/Src/main.c:884:6:HAL_UART_RxCpltCallback	16	static
../Core/Src/main.c:897:6:Error_Handler	4	static,ignoring_inline_asm
