../Core/Src/main.c:125:5:main	32	static
../Core/Src/main.c:237:6:SystemClock_Config	88	static
../Core/Src/main.c:284:13:MX_ADC1_Init	56	static
../Core/Src/main.c:361:13:MX_LPUART1_UART_Init	8	static
../Core/Src/main.c:408:13:MX_TIM1_Init	56	static
../Core/Src/main.c:459:13:MX_TIM2_Init	40	static
../Core/Src/main.c:504:13:MX_TIM3_Init	40	static
../Core/Src/main.c:549:13:MX_TIM4_Init	64	static
../Core/Src/main.c:608:13:MX_TIM5_Init	40	static
../Core/Src/main.c:653:13:MX_TIM8_Init	120	static
../Core/Src/main.c:738:13:MX_DMA_Init	16	static
../Core/Src/main.c:763:13:MX_GPIO_Init	48	static
../Core/Src/main.c:811:6:HAL_GPIO_EXTI_Callback	16	static
../Core/Src/main.c:822:6:PWM_Mode1	16	static
../Core/Src/main.c:836:6:PWM_Mode2	16	static
../Core/Src/main.c:849:6:Read_setpoint_positionM1_Mode1	8	static
../Core/Src/main.c:863:6:Read_setpoint_positionM2_Mode2	8	static
../Core/Src/main.c:880:6:HAL_TIM_PeriodElapsedCallback	32	static
../Core/Src/main.c:913:6:UARTDMAConfig	8	static
../Core/Src/main.c:919:6:HAL_UART_RxCpltCallback	16	static
../Core/Src/main.c:933:6:Error_Handler	4	static,ignoring_inline_asm
